// Vitest Snapshot v1, https://vitest.dev/guide/snapshot.html

exports[`CharacterCard > renders properly 1`] = `"Filtro:"`;
