// Vitest Snapshot v1, https://vitest.dev/guide/snapshot.html

exports[`CharacterDetails > renders properly 1`] = `"AliveMorty SmithHumanInformaci√≥n Gender: Male Origin: unknown Type: UnknownEpisodios Pilot: S01E01December 2, 2013 Lawnmower Dog: S01E02December 9, 2013 Anatomy Park: S01E03December 16, 2013 M. Night Shaym-Aliens!: S01E04January 13, 2014 Meeseeks and Destroy: S01E05January 20, 2014 Rick Potion #9: S01E06January 27, 2014 Raising Gazorpazorp: S01E07March 10, 2014 Rixty Minutes: S01E08March 17, 2014 Something Ricked This Way Comes: S01E09March 24, 2014 Close Rick-counters of the Rick Kind: S01E10April 7, 2014 Ricksy Business: S01E11April 14, 2014 A Rickle in Time: S02E01July 26, 2015 Mortynight Run: S02E02August 2, 2015 Auto Erotic Assimilation: S02E03August 9, 2015 Total Rickall: S02E04August 16, 2015 Get Schwifty: S02E05August 23, 2015 The Ricks Must Be Crazy: S02E06August 30, 2015 Big Trouble in Little Sanchez: S02E07September 13, 2015 Interdimensional Cable 2: Tempting Fate: S02E08September 20, 2015 Look Who's Purging Now: S02E09September 27, 2015 The Wedding Squanchers: S02E10October 4, 2015 The Rickshank Rickdemption: S03E01April 1, 2017 Rickmancing the Stone: S03E02July 30, 2017 Pickle Rick: S03E03August 6, 2017 Vindicators 3: The Return of Worldender: S03E04August 13, 2017 The Whirly Dirly Conspiracy: S03E05August 20, 2017 Rest and Ricklaxation: S03E06August 27, 2017 The Ricklantis Mixup: S03E07September 10, 2017 Morty's Mind Blowers: S03E08September 17, 2017 The ABC's of Beth: S03E09September 24, 2017 The Rickchurian Mortydate: S03E10October 1, 2017 Edge of Tomorty: Rick, Die, Rickpeat: S04E01November 10, 2019 The Old Man and the Seat: S04E02November 17, 2019 One Crew Over the Crewcoo's Morty: S04E03November 24, 2019 Claw and Hoarder: Special Ricktim's Morty: S04E04December 8, 2019 Rattlestar Ricklactica: S04E05December 15, 2019 Never Ricking Morty: S04E06May 3, 2020 Promortyus: S04E07May 10, 2020 The Vat of Acid Episode: S04E08May 17, 2020 Childrick of Mort: S04E09May 24, 2020 Star Mort: Rickturn of the Jerri: S04E10May 31, 2020 Mort Dinner Rick Andre: S05E01June 20, 2021 Mortyplicity: S05E02June 27, 2021 A Rickconvenient Mort: S05E03July 4, 2021 Rickdependence Spray: S05E04July 11, 2021 Amortycan Grickfitti: S05E05July 18, 2021 Rick & Morty's Thanksploitation Spectacular: S05E06July 25, 2021 Gotron Jerrysis Rickvangelion: S05E07August 1, 2021 Rickternal Friendshine of the Spotless Mort: S05E08August 8, 2021 Forgetting Sarick Mortshall: S05E09September 5, 2021 Rickmurai Jack: S05E10September 5, 2021Personajes interesantes Alive - HumanMorty Smith Last known location:  First seen in:  Alive - HumanMorty Smith Last known location:  First seen in:  Compartir Personaje"`;
